---
source: crates/astro2tsx/tests/snapshots.rs
input_file: crates/astro2tsx/tests/fixtures/adjacent_siblings_top_level.astro
---
--- code, with an inline source map this harness appends ---
/* @jsxImportSource astro */

<Fragment>
<span>a</span>
<span>b</span>

</Fragment>
export default function __AstroComponent_(_props: Record<string, any>): any {}
//# sourceMappingURL=data:application/json;charset=utf-8;base64,eyJ2ZXJzaW9uIjozLCJzb3VyY2VzIjpbImlucHV0LmFzdHJvIl0sInNvdXJjZXNDb250ZW50IjpbIjxzcGFuPmE8L3NwYW4+XG48c3Bhbj5iPC9zcGFuPlxuIl0sIm5hbWVzIjpbXSwibWFwcGluZ3MiOiJBOztBO0FBQUEsQ0FBQyxJQUFJLENBQUMsQ0FBQyxFQUFFLElBQUksQ0FBQztBQUNkLENBQUMsSUFBSSxDQUFDLENBQUMsRUFBRSxJQUFJLENBQUM7QUFDZDtBIn0=

--- result ---
has_parse_errors: false
frontmatter: 0..0
body: 41..72
scripts: (none)
styles: (none)

--- mappings: 20 points in 3 runs ---
generated_start..generated_end xpoints -> original; `-` is unmapped
0..41 x2 -> -
41..72 x17 -> 0
72..163 x1 -> -
