---
source: crates/astro2tsx/tests/snapshots.rs
input_file: crates/astro2tsx/tests/fixtures/adjacent_siblings_top_level.astro
---
/* @jsxImportSource astro */

<Fragment>
<span>a</span>
<span>b</span>

</Fragment>
export default function __AstroComponent_(_props: Record<string, any>): any {}

--- result ---
has_parse_errors: false
frontmatter: 0..0
body: 41..72
scripts: (none)
styles: (none)

--- mappings: 20 points in 3 runs ---
generated_start..generated_end xpoints -> original; `-` is unmapped
0..41 x2 -> -
41..72 x17 -> 0
72..163 x1 -> -

--- source map v3 (paste into any source map viewer) ---
{
  "version": 3,
  "sources": [
    "input.astro"
  ],
  "sourcesContent": [
    "<span>a</span>\n<span>b</span>\n"
  ],
  "names": [],
  "mappings": "A;;A;AAAA,CAAC,IAAI,CAAC,CAAC,EAAE,IAAI,CAAC;AACd,CAAC,IAAI,CAAC,CAAC,EAAE,IAAI,CAAC;AACd;A"
}
