---
source: crates/astro2tsx/tests/snapshots.rs
info:
  has_parse_errors: false
  frontmatter_status: DoesntExist
  frontmatter_source:
    start: 0
    end: 0
  frontmatter:
    start: 0
    end: 0
  body:
    start: 41
    end: 72
  scripts: []
  styles: []
input_file: crates/astro2tsx/tests/fixtures/adjacent_siblings_top_level.astro
---
/* @jsxImportSource astro */

<Fragment>
<span>a</span>
<span>b</span>

</Fragment>
export default function __AstroComponent_(_props: Record<string, any>): any {}

//# sourceMappingURL=data:application/json;charset=utf-8;base64,eyJ2ZXJzaW9uIjozLCJuYW1lcyI6W10sInNvdXJjZXMiOlsiaW5wdXQuYXN0cm8iXSwic291cmNlc0NvbnRlbnQiOlsiPHNwYW4+YTwvc3Bhbj5cbjxzcGFuPmI8L3NwYW4+XG4iXSwibWFwcGluZ3MiOiJBOzs7QUFBQTtBQUNBO0FBQ0E7QSJ9
