---
source: crates/astro2tsx/tests/snapshots.rs
input_file: crates/astro2tsx/tests/fixtures/attribute_invalid_names.astro
---
/* @jsxImportSource astro */

<Fragment>
<div name="ok" {...{"@click":(handler),":class":"x"}}></div>

</Fragment>
export default function __AstroComponent_(_props: Record<string, any>): any {}

--- result ---
has_parse_errors: false
frontmatter: 0..0
body: 41..103
scripts: (none)
styles: (none)

--- mappings: 34 points in 13 runs ---
generated_start..generated_end xpoints -> original; `-` is unmapped
0..41 x2 -> -
41..45 x2 -> 0
45..46 x1 -> -
46..55 x6 -> 33
55..61 x1 -> -
61..69 x1 -> 5
69..71 x1 -> -
71..78 x7 -> 13
78..80 x2 -> -
80..88 x1 -> 22
88..94 x3 -> -
94..103 x6 -> 42
103..194 x1 -> -

--- source map v3 (paste into any source map viewer) ---
{
  "version": 3,
  "sources": [
    "input.astro"
  ],
  "sourcesContent": [
    "<div @click={handler} :class=\"x\" name=\"ok\"></div>\n"
  ],
  "names": [],
  "mappings": "A;;A;AAAA,CAAC,G,CAAgC,IAAI,CAAC,CAAC,CAAC,CAAC,C,MAApC,Q,EAAQ,CAAC,CAAC,CAAC,CAAC,CAAC,CAAC,C,C,CAAG,Q,C,G,EAAoB,CAAC,EAAE,GAAG,CAAC;AACjD;A"
}
