---
source: crates/astro2tsx/tests/snapshots.rs
input_file: crates/astro2tsx/tests/fixtures/attribute_quoted_forms.astro
---
--- code, with an inline source map this harness appends ---
/* @jsxImportSource astro */

<Fragment>
<div id="single" class="double" data-n="3" hidden></div>

</Fragment>
export default function __AstroComponent_(_props: Record<string, any>): any {}
//# sourceMappingURL=data:application/json;charset=utf-8;base64,eyJ2ZXJzaW9uIjozLCJzb3VyY2VzIjpbImlucHV0LmFzdHJvIl0sInNvdXJjZXNDb250ZW50IjpbIjxkaXYgaWQ9J3NpbmdsZScgY2xhc3M9XCJkb3VibGVcIiBkYXRhLW49MyBoaWRkZW4+PC9kaXY+XG4iXSwibmFtZXMiOltdLCJtYXBwaW5ncyI6IkE7O0E7QUFBQSxDQUFDLEcsQ0FBSSxFQUFFLENBQUMsQ0FBQyxDQUFDLENBQUMsQ0FBQyxDQUFDLENBQUMsQ0FBQyxDLENBQUUsS0FBSyxDQUFDLENBQUMsQ0FBQyxDQUFDLENBQUMsQ0FBQyxDQUFDLENBQUMsQyxDQUFFLE1BQU0sQ0FBQyxDQUFDLENBQUMsQyxDQUFBLE1BQU0sQ0FBQyxFQUFFLEdBQUcsQ0FBQztBQUN0RDtBIn0=

--- result ---
has_parse_errors: false
frontmatter: 0..0
body: 41..99
scripts: (none)
styles: (none)

--- mappings: 41 points in 11 runs ---
generated_start..generated_end xpoints -> original; `-` is unmapped
0..41 x2 -> -
41..45 x2 -> 0
45..46 x1 -> -
46..57 x10 -> 5
57..58 x1 -> -
58..72 x10 -> 17
72..73 x1 -> -
73..83 x5 -> 32
83..84 x1 -> -
84..99 x7 -> 41
99..190 x1 -> -
