---
source: crates/astro2tsx/tests/snapshots.rs
info:
  has_parse_errors: false
  frontmatter:
    start: 0
    end: 0
  body:
    start: 41
    end: 68
  scripts: []
  styles: []
input_file: crates/astro2tsx/tests/fixtures/attribute_template_literal.astro
---
/* @jsxImportSource astro */

<Fragment>
<Tag src={`bar${foo}`} />

</Fragment>
export default function __AstroComponent_(_props: Record<string, any>): any {}
//# sourceMappingURL=data:application/json;charset=utf-8;base64,eyJ2ZXJzaW9uIjozLCJzb3VyY2VzIjpbImlucHV0LmFzdHJvIl0sInNvdXJjZXNDb250ZW50IjpbIjxUYWcgc3JjPXtgYmFyJHtmb299YH0gLz5cbiJdLCJuYW1lcyI6W10sIm1hcHBpbmdzIjoiQTs7QTtBQUFBLENBQUMsRyxDQUFJLEdBQUcsQyxDQUFFLENBQUMsQ0FBQyxDQUFDLENBQUMsQ0FBQyxDQUFDLENBQUMsQ0FBQyxDQUFDLENBQUMsQyxDQUFFLENBQUUsRUFBQztBQUN6QjtBIn0=
