---
source: crates/astro2tsx/tests/snapshots.rs
info:
  has_parse_errors: false
  frontmatter:
    start: 0
    end: 0
  body:
    start: 41
    end: 99
  scripts: []
  styles: []
input_file: crates/astro2tsx/tests/fixtures/attribute_quoted_forms.astro
---
/* @jsxImportSource astro */

<Fragment>
<div id="single" class="double" data-n="3" hidden></div>

</Fragment>
export default function __AstroComponent_(_props: Record<string, any>): any {}

//# sourceMappingURL=data:application/json;charset=utf-8;base64,eyJ2ZXJzaW9uIjozLCJuYW1lcyI6W10sInNvdXJjZXMiOlsiaW5wdXQuYXN0cm8iXSwic291cmNlc0NvbnRlbnQiOlsiPGRpdiBpZD0nc2luZ2xlJyBjbGFzcz1cImRvdWJsZVwiIGRhdGEtbj0zIGhpZGRlbj48L2Rpdj5cbiJdLCJtYXBwaW5ncyI6IkE7O0E7QUFBQSxDQUFDLEcsQ0FBSSxFQUFFLENBQUMsQ0FBQyxDQUFDLENBQUMsQ0FBQyxDQUFDLENBQUMsQ0FBQyxDLENBQUUsS0FBSyxDQUFDLENBQUMsQ0FBQyxDQUFDLENBQUMsQ0FBQyxDQUFDLENBQUMsQyxDQUFFLE1BQU0sQ0FBQyxDQUFDLENBQUMsQyxDQUFBLE1BQU0sQ0FBQyxFQUFFLEdBQUcsQ0FBQztBQUN0RDtBIn0=
