---
source: crates/astro2tsx/tests/snapshots.rs
info:
  has_parse_errors: false
  frontmatter_status: DoesntExist
  frontmatter_source:
    start: 0
    end: 0
  frontmatter:
    start: 30
    end: 30
  body:
    start: 41
    end: 68
  scripts: []
  styles: []
input_file: crates/astro2tsx/tests/fixtures/attribute_template_literal.astro
---
/* @jsxImportSource astro */

<Fragment>
<Tag src={`bar${foo}`} />

</Fragment>
export default function __AstroComponent_(_props: Record<string, any>): any {}

//# sourceMappingURL=data:application/json;charset=utf-8;base64,eyJ2ZXJzaW9uIjozLCJuYW1lcyI6W10sInNvdXJjZXMiOlsiaW5wdXQuYXN0cm8iXSwic291cmNlc0NvbnRlbnQiOlsiPFRhZyBzcmM9e2BiYXIke2Zvb31gfSAvPlxuIl0sIm1hcHBpbmdzIjoiQTs7O0FBQUEsSSxDQUFLLEksQ0FBSyxXLENBQVksQ0FBRSxFQUFDO0FBQ3pCO0EifQ==
