---
source: crates/astro2tsx/tests/snapshots.rs
info:
  has_parse_errors: false
  frontmatter:
    start: 0
    end: 0
  body:
    start: 41
    end: 69
  scripts: []
  styles: []
input_file: crates/astro2tsx/tests/fixtures/attribute_spread.astro
---
/* @jsxImportSource astro */

<Fragment>
<Foo {...rest} name="x" />

</Fragment>
export default function __AstroComponent_(_props: Record<string, any>): any {}

//# sourceMappingURL=data:application/json;charset=utf-8;base64,eyJ2ZXJzaW9uIjozLCJzb3VyY2VzIjpbImlucHV0LmFzdHJvIl0sInNvdXJjZXNDb250ZW50IjpbIjxGb28gey4uLnJlc3R9IG5hbWU9XCJ4XCIgLz5cbiJdLCJuYW1lcyI6W10sIm1hcHBpbmdzIjoiQTs7QTtBQUFBLENBQUMsRyxFLEdBQVEsQ0FBQyxDQUFDLENBQUMsQyxDLENBQUcsSUFBSSxDQUFDLENBQUMsQ0FBQyxDQUFDLENBQUUsRUFBQztBQUMxQjtBIn0=
