---
source: crates/astro2tsx/tests/snapshots.rs
input_file: crates/astro2tsx/tests/fixtures/attribute_quoted_forms.astro
---
/* @jsxImportSource astro */

<Fragment>
<div id="single" class="double" data-n="3" hidden></div>

</Fragment>
export default function __AstroComponent_(_props: Record<string, any>): any {}

--- result ---
has_parse_errors: false
frontmatter: 0..0
body: 41..99
scripts: (none)
styles: (none)

--- mappings: 41 points in 11 runs ---
generated_start..generated_end xpoints -> original; `-` is unmapped
0..41 x2 -> -
41..45 x2 -> 0
45..46 x1 -> -
46..57 x10 -> 5
57..58 x1 -> -
58..72 x10 -> 17
72..73 x1 -> -
73..83 x5 -> 32
83..84 x1 -> -
84..99 x7 -> 41
99..190 x1 -> -

--- source map v3 (paste into any source map viewer) ---
{
  "version": 3,
  "sources": [
    "input.astro"
  ],
  "sourcesContent": [
    "<div id='single' class=\"double\" data-n=3 hidden></div>\n"
  ],
  "names": [],
  "mappings": "A;;A;AAAA,CAAC,G,CAAI,EAAE,CAAC,CAAC,CAAC,CAAC,CAAC,CAAC,CAAC,CAAC,C,CAAE,KAAK,CAAC,CAAC,CAAC,CAAC,CAAC,CAAC,CAAC,CAAC,C,CAAE,MAAM,CAAC,CAAC,CAAC,C,CAAA,MAAM,CAAC,EAAE,GAAG,CAAC;AACtD;A"
}
