---
source: crates/astro2tsx/tests/snapshots.rs
info:
  has_parse_errors: false
  frontmatter:
    start: 30
    end: 71
  body:
    start: 82
    end: 114
  scripts: []
  styles: []
input_file: crates/astro2tsx/tests/fixtures/crlf_frontmatter.astro
---
/* @jsxImportSource astro */


import { Meta } from './Meta.astro';

<Fragment>
<div>
<span>a</span>
</div>

</Fragment>
export default function __AstroComponent_(_props: Record<string, any>): any {}
//# sourceMappingURL=data:application/json;charset=utf-8;base64,eyJ2ZXJzaW9uIjozLCJzb3VyY2VzIjpbImlucHV0LmFzdHJvIl0sInNvdXJjZXNDb250ZW50IjpbIi0tLVxyXG5pbXBvcnQgeyBNZXRhIH0gZnJvbSAnLi9NZXRhLmFzdHJvJztcclxuLS0tXHJcbjxkaXY+XHJcbjxzcGFuPmE8L3NwYW4+XHJcbjwvZGl2PlxyXG4iXSwibmFtZXMiOltdLCJtYXBwaW5ncyI6IkE7O0FBQUEsQUFBRyxDQUFDO0FBQ0osQ0FBQyxDQUFDLENBQUMsQ0FBQyxDQUFDLENBQUMsQ0FBQyxDQUFDLENBQUMsQ0FBQyxDQUFDLENBQUMsQ0FBQyxDQUFDLENBQUMsQ0FBQyxDQUFDLENBQUMsQ0FBQyxDQUFDLENBQUMsQ0FBQyxDQUFDLENBQUMsQ0FBQyxDQUFDLENBQUMsQ0FBQyxDQUFDLENBQUMsQ0FBQyxDQUFDLENBQUMsQ0FBQyxDQUFDLENBQUMsQ0FBQztBO0E7QUFFckMsQ0FBQyxHQUFHLENBQUMsQ0FBQztBQUNOLENBQUMsSUFBSSxDQUFDLENBQUMsRUFBRSxJQUFJLENBQUMsQ0FBQztBQUNmLEVBQUUsR0FBRyxDQUFDLENBQUM7QUFDUDtBIn0=
