---
source: crates/astro2tsx/tests/snapshots.rs
info:
  has_parse_errors: false
  frontmatter_status: DoesntExist
  frontmatter_source:
    start: 0
    end: 0
  frontmatter:
    start: 30
    end: 30
  body:
    start: 41
    end: 116
  scripts: []
  styles: []
input_file: crates/astro2tsx/tests/fixtures/directives.astro
---
/* @jsxImportSource astro */

<Fragment>
<Comp client:load set:html={html} class:list={cls} transition:name="n" />

</Fragment>
export default function __AstroComponent_(_props: Record<string, any>): any {}

//# sourceMappingURL=data:application/json;charset=utf-8;base64,eyJ2ZXJzaW9uIjozLCJuYW1lcyI6W10sInNvdXJjZXMiOlsiaW5wdXQuYXN0cm8iXSwic291cmNlc0NvbnRlbnQiOlsiPENvbXAgY2xpZW50OmxvYWQgc2V0Omh0bWw9e2h0bWx9IGNsYXNzOmxpc3Q9e2Nsc30gdHJhbnNpdGlvbjpuYW1lPVwiblwiIC8+XG4iXSwibWFwcGluZ3MiOiJBOzs7QUFBQSxLLENBQU0sVyxDQUFZLGUsQ0FBZ0IsZ0IsQ0FBaUIsb0JBQXFCLEVBQUM7QUFDekU7QSJ9
