---
source: crates/astro2tsx/tests/snapshots.rs
info:
  has_parse_errors: false
  frontmatter:
    start: 0
    end: 0
  body:
    start: 41
    end: 116
  scripts: []
  styles: []
input_file: crates/astro2tsx/tests/fixtures/directives.astro
---
/* @jsxImportSource astro */

<Fragment>
<Comp client:load set:html={html} class:list={cls} transition:name="n" />

</Fragment>
export default function __AstroComponent_(_props: Record<string, any>): any {}

//# sourceMappingURL=data:application/json;charset=utf-8;base64,eyJ2ZXJzaW9uIjozLCJzb3VyY2VzIjpbImlucHV0LmFzdHJvIl0sInNvdXJjZXNDb250ZW50IjpbIjxDb21wIGNsaWVudDpsb2FkIHNldDpodG1sPXtodG1sfSBjbGFzczpsaXN0PXtjbHN9IHRyYW5zaXRpb246bmFtZT1cIm5cIiAvPlxuIl0sIm5hbWVzIjpbXSwibWFwcGluZ3MiOiJBOztBO0FBQUEsQ0FBQyxJLENBQUssQ0FBQyxDQUFDLENBQUMsQ0FBQyxDQUFDLENBQUMsQ0FBQyxDQUFDLENBQUMsQ0FBQyxDLENBQUUsQ0FBQyxDQUFDLENBQUMsQ0FBQyxDQUFDLENBQUMsQ0FBQyxDQUFDLENBQUMsQ0FBQyxDQUFDLENBQUMsQ0FBQyxDQUFDLEMsQ0FBRSxDQUFDLENBQUMsQ0FBQyxDQUFDLENBQUMsQ0FBQyxDQUFDLENBQUMsQ0FBQyxDQUFDLENBQUMsQ0FBQyxDQUFDLENBQUMsQ0FBQyxDLENBQUUsZUFBZSxDQUFDLENBQUMsQ0FBQyxDQUFDLENBQUUsRUFBQztBQUN6RTtBIn0=
