---
source: crates/astro2tsx/tests/snapshots.rs
info:
  has_parse_errors: false
  frontmatter_status: Closed
  frontmatter_source:
    start: 0
    end: 20
  frontmatter:
    start: 30
    end: 45
  body:
    start: 59
    end: 106
  scripts: []
  styles: []
input_file: crates/astro2tsx/tests/fixtures/doctype.astro
---
/* @jsxImportSource astro */


const a = 1;

{};<Fragment>



<html lang="en">
	<body>{a}</body>
</html>

</Fragment>
export default function __AstroComponent_(_props: Record<string, any>): any {}

//# sourceMappingURL=data:application/json;charset=utf-8;base64,eyJ2ZXJzaW9uIjozLCJuYW1lcyI6W10sInNvdXJjZXMiOlsiaW5wdXQuYXN0cm8iXSwic291cmNlc0NvbnRlbnQiOlsiLS0tXG5jb25zdCBhID0gMTtcbi0tLVxuXG48IWRvY3R5cGUgaHRtbD5cbjxodG1sIGxhbmc9XCJlblwiPlxuXHQ8Ym9keT57YX08L2JvZHk+XG48L2h0bWw+XG4iXSwibWFwcGluZ3MiOiJBOztBQUFHO0FBQ0g7QTs7QUFDRztBQUNIO0FBQ2U7QUFDZixLLENBQU07QUFDTjtBQUNBO0FBQ0E7QSJ9
