---
source: crates/astro2tsx/tests/snapshots.rs
info:
  has_parse_errors: false
  frontmatter_status: DoesntExist
  frontmatter_source:
    start: 0
    end: 0
  frontmatter:
    start: 30
    end: 30
  body:
    start: 41
    end: 70
  scripts:
    - kind: Script
      lang: ~
      generated:
        start: 58
        end: 58
      source:
        start: 17
        end: 37
      content: "if (a < b) { go(); }"
  styles: []
input_file: crates/astro2tsx/tests/fixtures/expression_script_exclusion.astro
---
/* @jsxImportSource astro */

<Fragment>
{cond && <script></script>}

</Fragment>
export default function AstroComponent(_props: Record<string, any>): any {}
