---
source: crates/astro2tsx/tests/snapshots.rs
info:
  has_parse_errors: false
  frontmatter:
    start: 0
    end: 0
  body:
    start: 41
    end: 70
  scripts: []
  styles: []
input_file: crates/astro2tsx/tests/fixtures/expression_bare_gt.astro
---
/* @jsxImportSource astro */

<Fragment>
{x && <div>a {`>`} b</div>}

</Fragment>
export default function __AstroComponent_(_props: Record<string, any>): any {}

//# sourceMappingURL=data:application/json;charset=utf-8;base64,eyJ2ZXJzaW9uIjozLCJuYW1lcyI6W10sInNvdXJjZXMiOlsiaW5wdXQuYXN0cm8iXSwic291cmNlc0NvbnRlbnQiOlsie3ggJiYgPGRpdj5hID4gYjwvZGl2Pn1cbiJdLCJtYXBwaW5ncyI6IkE7O0E7QUFBQSxDQUFDLENBQUMsQ0FBQyxDQUFDLENBQUMsQ0FBQyxDQUFDLENBQUMsQ0FBQyxDQUFDLENBQUMsQ0FBQyxDLEVBQUMsQyxFQUFDLENBQUMsQ0FBQyxDQUFDLENBQUMsQ0FBQyxDQUFDLENBQUMsQ0FBQyxDQUFDO0FBQ3ZCO0EifQ==
