---
source: crates/astro2tsx/tests/snapshots.rs
input_file: crates/astro2tsx/tests/fixtures/expression_nested.astro
---
/* @jsxImportSource astro */

<Fragment>
<div>{outer && <span>{inner}</span>}</div>

</Fragment>
export default function __AstroComponent_(_props: Record<string, any>): any {}

--- result ---
has_parse_errors: false
frontmatter: 0..0
body: 41..85
scripts: (none)
styles: (none)

--- mappings: 42 points in 3 runs ---
generated_start..generated_end xpoints -> original; `-` is unmapped
0..41 x2 -> -
41..85 x39 -> 0
85..176 x1 -> -

--- source map v3 (paste into any source map viewer) ---
{
  "version": 3,
  "sources": [
    "input.astro"
  ],
  "sourcesContent": [
    "<div>{outer && <span>{inner}</span>}</div>\n"
  ],
  "names": [],
  "mappings": "A;;A;AAAA,CAAC,GAAG,CAAC,CAAC,CAAC,CAAC,CAAC,CAAC,CAAC,CAAC,CAAC,CAAC,CAAC,CAAC,CAAC,CAAC,CAAC,CAAC,CAAC,CAAC,CAAC,CAAC,CAAC,CAAC,CAAC,CAAC,CAAC,CAAC,CAAC,CAAC,CAAC,CAAC,CAAC,CAAC,EAAE,GAAG,CAAC;AAC1C;A"
}
