---
source: crates/astro2tsx/tests/snapshots.rs
input_file: crates/astro2tsx/tests/fixtures/expression_ternary_markup.astro
---
--- code, with an inline source map this harness appends ---
/* @jsxImportSource astro */

<Fragment>
<div>{cond ? <a href='/x'>yes</a> : <b>no</b>}</div>

</Fragment>
export default function __AstroComponent_(_props: Record<string, any>): any {}
//# sourceMappingURL=data:application/json;charset=utf-8;base64,eyJ2ZXJzaW9uIjozLCJzb3VyY2VzIjpbImlucHV0LmFzdHJvIl0sInNvdXJjZXNDb250ZW50IjpbIjxkaXY+e2NvbmQgPyA8YSBocmVmPScveCc+eWVzPC9hPiA6IDxiPm5vPC9iPn08L2Rpdj5cbiJdLCJuYW1lcyI6W10sIm1hcHBpbmdzIjoiQTs7QTtBQUFBLENBQUMsR0FBRyxDQUFDLENBQUMsQ0FBQyxDQUFDLENBQUMsQ0FBQyxDQUFDLENBQUMsQ0FBQyxDQUFDLENBQUMsQ0FBQyxDQUFDLENBQUMsQ0FBQyxDQUFDLENBQUMsQ0FBQyxDQUFDLENBQUMsQ0FBQyxDQUFDLENBQUMsQ0FBQyxDQUFDLENBQUMsQ0FBQyxDQUFDLENBQUMsQ0FBQyxDQUFDLENBQUMsQ0FBQyxDQUFDLENBQUMsQ0FBQyxDQUFDLENBQUMsQ0FBQyxDQUFDLENBQUMsQ0FBQyxFQUFFLEdBQUcsQ0FBQztBQUNwRDtBIn0=

--- result ---
has_parse_errors: false
frontmatter: 0..0
body: 41..95
scripts: (none)
styles: (none)

--- mappings: 52 points in 3 runs ---
generated_start..generated_end xpoints -> original; `-` is unmapped
0..41 x2 -> -
41..95 x49 -> 0
95..186 x1 -> -
