---
source: crates/astro2tsx/tests/snapshots.rs
info:
  has_parse_errors: false
  frontmatter:
    start: 0
    end: 0
  body:
    start: 41
    end: 89
  scripts: []
  styles: []
input_file: crates/astro2tsx/tests/fixtures/expression_map.astro
---
/* @jsxImportSource astro */

<Fragment>
<ul>{items.map((i) => <li>{i.name}</li>)}</ul>

</Fragment>
export default function __AstroComponent_(_props: Record<string, any>): any {}

//# sourceMappingURL=data:application/json;charset=utf-8;base64,eyJ2ZXJzaW9uIjozLCJzb3VyY2VzIjpbImlucHV0LmFzdHJvIl0sInNvdXJjZXNDb250ZW50IjpbIjx1bD57aXRlbXMubWFwKChpKSA9PiA8bGk+e2kubmFtZX08L2xpPil9PC91bD5cbiJdLCJuYW1lcyI6W10sIm1hcHBpbmdzIjoiQTs7QTtBQUFBLENBQUMsRUFBRSxDQUFDLENBQUMsQ0FBQyxDQUFDLENBQUMsQ0FBQyxDQUFDLENBQUMsQ0FBQyxDQUFDLENBQUMsQ0FBQyxDQUFDLENBQUMsQ0FBQyxDQUFDLENBQUMsQ0FBQyxDQUFDLENBQUMsQ0FBQyxDQUFDLENBQUMsQ0FBQyxDQUFDLENBQUMsQ0FBQyxDQUFDLENBQUMsQ0FBQyxDQUFDLENBQUMsQ0FBQyxDQUFDLENBQUMsQ0FBQyxDQUFDLENBQUMsRUFBRSxFQUFFLENBQUM7QUFDOUM7QSJ9
