---
source: crates/astro2tsx/tests/snapshots.rs
info:
  has_parse_errors: false
  frontmatter:
    start: 0
    end: 0
  body:
    start: 41
    end: 140
  scripts: []
  styles: []
input_file: crates/astro2tsx/tests/fixtures/expression_special_attr_names.astro
---
/* @jsxImportSource astro */

<Fragment>
{cond && <div v-if="y"  {...{"@click":"x","client:load.foo":true,"x-on:keyup.enter":"w"}}></div>}

</Fragment>
export default function __AstroComponent_(_props: Record<string, any>): any {}

//# sourceMappingURL=data:application/json;charset=utf-8;base64,eyJ2ZXJzaW9uIjozLCJuYW1lcyI6W10sInNvdXJjZXMiOlsiaW5wdXQuYXN0cm8iXSwic291cmNlc0NvbnRlbnQiOlsie2NvbmQgJiYgPGRpdiBAY2xpY2s9XCJ4XCIgY2xpZW50OmxvYWQuZm9vIHYtaWY9XCJ5XCIgeC1vbjprZXl1cC5lbnRlcj1cIndcIj48L2Rpdj59XG4iXSwibWFwcGluZ3MiOiJBOztBO0FBQUEsQ0FBQyxDQUFDLENBQUMsQ0FBQyxDQUFDLENBQUMsQ0FBQyxDQUFDLENBQUMsQ0FBQyxDQUFDLENBQUMsQ0FBQyxDQUE0QixDQUFDLENBQUMsQ0FBQyxDQUFDLENBQUMsQ0FBQyxDQUFDLENBQUMsQyxNLENBQW5DLENBQUMsQ0FBQyxDQUFDLENBQUMsQ0FBQyxDLEMsQyxHLEMsQ0FBTSxDQUFDLENBQUMsQ0FBQyxDQUFDLENBQUMsQ0FBQyxDQUFDLENBQUMsQ0FBQyxDQUFDLENBQUMsQ0FBQyxDQUFDLENBQUMsQyxDLEMsSSxDLENBQVcsQ0FBQyxDQUFDLENBQUMsQ0FBQyxDQUFDLENBQUMsQ0FBQyxDQUFDLENBQUMsQ0FBQyxDQUFDLENBQUMsQ0FBQyxDQUFDLENBQUMsQyxDLEMsRyxFQUFLLENBQUMsQ0FBQyxDQUFDLENBQUMsQ0FBQyxDQUFDLENBQUMsQ0FBQztBQUM5RTtBIn0=
