---
source: crates/astro2tsx/tests/snapshots.rs
input_file: crates/astro2tsx/tests/fixtures/expression_ternary_markup.astro
---
/* @jsxImportSource astro */

<Fragment>
<div>{cond ? <a href='/x'>yes</a> : <b>no</b>}</div>

</Fragment>
export default function __AstroComponent_(_props: Record<string, any>): any {}
