---
source: crates/astro2tsx/tests/snapshots.rs
info:
  has_parse_errors: true
  frontmatter_status: DoesntExist
  frontmatter_source:
    start: 0
    end: 0
  frontmatter:
    start: 30
    end: 30
  body:
    start: 41
    end: 63
  scripts: []
  styles: []
input_file: crates/astro2tsx/tests/fixtures/expression_spread_child.astro
---
/* @jsxImportSource astro */

<Fragment>
<div>{...rest}</div>

</Fragment>
export default function AstroComponent(_props: Record<string, any>): any {}
