---
source: crates/astro2tsx/tests/snapshots.rs
input_file: crates/astro2tsx/tests/fixtures/expression_generics.astro
---
/* @jsxImportSource astro */

<Fragment>
<div>{foo<Bar>(x)}</div>

</Fragment>
export default function __AstroComponent_(_props: Record<string, any>): any {}

--- result ---
has_parse_errors: false
frontmatter: 0..0
body: 41..67
scripts: (none)
styles: (none)

--- mappings: 24 points in 3 runs ---
generated_start..generated_end xpoints -> original; `-` is unmapped
0..41 x2 -> -
41..67 x21 -> 0
67..158 x1 -> -

--- source map v3 (paste into any source map viewer) ---
{
  "version": 3,
  "sources": [
    "input.astro"
  ],
  "sourcesContent": [
    "<div>{foo<Bar>(x)}</div>\n"
  ],
  "names": [],
  "mappings": "A;;A;AAAA,CAAC,GAAG,CAAC,CAAC,CAAC,CAAC,CAAC,CAAC,CAAC,CAAC,CAAC,CAAC,CAAC,CAAC,CAAC,CAAC,EAAE,GAAG,CAAC;AACxB;A"
}
