---
source: crates/astro2tsx/tests/snapshots.rs
info:
  has_parse_errors: false
  frontmatter:
    start: 0
    end: 0
  body:
    start: 41
    end: 89
  scripts: []
  styles: []
input_file: crates/astro2tsx/tests/fixtures/expression_map.astro
---
/* @jsxImportSource astro */

<Fragment>
<ul>{items.map((i) => <li>{i.name}</li>)}</ul>

</Fragment>
export default function __AstroComponent_(_props: Record<string, any>): any {}

//# sourceMappingURL=data:application/json;charset=utf-8;base64,eyJ2ZXJzaW9uIjozLCJuYW1lcyI6W10sInNvdXJjZXMiOlsiaW5wdXQuYXN0cm8iXSwic291cmNlc0NvbnRlbnQiOlsiPHVsPntpdGVtcy5tYXAoKGkpID0+IDxsaT57aS5uYW1lfTwvbGk+KX08L3VsPlxuIl0sIm1hcHBpbmdzIjoiQTs7O0FBQUE7QUFDQTtBIn0=
