---
source: crates/astro2tsx/tests/snapshots.rs
input_file: crates/astro2tsx/tests/fixtures/expression_adjacent_siblings.astro
---
--- code, with an inline source map this harness appends ---
/* @jsxImportSource astro */

<Fragment>
<div>{cond && <Fragment><span>a</span> <span>b</span></Fragment>}</div>

</Fragment>
export default function __AstroComponent_(_props: Record<string, any>): any {}
//# sourceMappingURL=data:application/json;charset=utf-8;base64,eyJ2ZXJzaW9uIjozLCJzb3VyY2VzIjpbImlucHV0LmFzdHJvIl0sInNvdXJjZXNDb250ZW50IjpbIjxkaXY+e2NvbmQgJiYgPHNwYW4+YTwvc3Bhbj4gPHNwYW4+Yjwvc3Bhbj59PC9kaXY+XG4iXSwibmFtZXMiOltdLCJtYXBwaW5ncyI6IkE7O0E7QUFBQSxDQUFDLEdBQUcsQ0FBQyxDQUFDLENBQUMsQ0FBQyxDQUFDLENBQUMsQ0FBQyxDQUFDLENBQUMsQyxVQUFDLENBQUMsQ0FBQyxDQUFDLENBQUMsQ0FBQyxDQUFDLENBQUMsQ0FBQyxDQUFDLENBQUMsQ0FBQyxDQUFDLENBQUMsQ0FBQyxDQUFDLENBQUMsQ0FBQyxDQUFDLENBQUMsQ0FBQyxDQUFDLENBQUMsQ0FBQyxDQUFDLENBQUMsQ0FBQyxDQUFDLENBQUMsQyxXQUFDLENBQUMsRUFBRSxHQUFHLENBQUM7QUFDbEQ7QSJ9

--- result ---
has_parse_errors: false
frontmatter: 0..0
body: 41..114
scripts: (none)
styles: (none)

--- mappings: 52 points in 7 runs ---
generated_start..generated_end xpoints -> original; `-` is unmapped
0..41 x2 -> -
41..55 x12 -> 0
55..65 x1 -> -
65..94 x29 -> 14
94..105 x1 -> -
105..114 x6 -> 43
114..205 x1 -> -
