---
source: crates/astro2tsx/tests/snapshots.rs
info:
  has_parse_errors: false
  frontmatter:
    start: 0
    end: 0
  body:
    start: 41
    end: 61
  scripts: []
  styles: []
input_file: crates/astro2tsx/tests/fixtures/expression_identifier.astro
---
/* @jsxImportSource astro */

<Fragment>
<div>{value}</div>

</Fragment>
export default function __AstroComponent_(_props: Record<string, any>): any {}

//# sourceMappingURL=data:application/json;charset=utf-8;base64,eyJ2ZXJzaW9uIjozLCJuYW1lcyI6W10sInNvdXJjZXMiOlsiaW5wdXQuYXN0cm8iXSwic291cmNlc0NvbnRlbnQiOlsiPGRpdj57dmFsdWV9PC9kaXY+XG4iXSwibWFwcGluZ3MiOiJBOzs7QUFBQTtBQUNBO0EifQ==
