---
source: crates/astro2tsx/tests/snapshots.rs
input_file: crates/astro2tsx/tests/fixtures/expression_html_comment.astro
---
--- code, with an inline source map this harness appends ---
/* @jsxImportSource astro */

<Fragment>
{list.map(() => <Component>{/** Hi*/}</Component>)}

</Fragment>
export default function __AstroComponent_(_props: Record<string, any>): any {}
//# sourceMappingURL=data:application/json;charset=utf-8;base64,eyJ2ZXJzaW9uIjozLCJzb3VyY2VzIjpbImlucHV0LmFzdHJvIl0sInNvdXJjZXNDb250ZW50IjpbIntsaXN0Lm1hcCgoKSA9PiA8Q29tcG9uZW50PjwhLS1IaS0tPjwvQ29tcG9uZW50Pil9XG4iXSwibmFtZXMiOltdLCJtYXBwaW5ncyI6IkE7O0E7QUFBQSxDQUFDLENBQUMsQ0FBQyxDQUFDLENBQUMsQ0FBQyxDQUFDLENBQUMsQ0FBQyxDQUFDLENBQUMsQ0FBQyxDQUFDLENBQUMsQ0FBQyxDQUFDLENBQUMsQ0FBQyxDQUFDLENBQUMsQ0FBQyxDQUFDLENBQUMsQ0FBQyxDQUFDLENBQUMsQyxLQUFLLENBQUMsQyxHQUFJLENBQUMsQ0FBQyxDQUFDLENBQUMsQ0FBQyxDQUFDLENBQUMsQ0FBQyxDQUFDLENBQUMsQ0FBQyxDQUFDLENBQUMsQ0FBQztBQUNsRDtBIn0=

--- result ---
has_parse_errors: false
frontmatter: 0..0
body: 41..94
scripts: (none)
styles: (none)

--- mappings: 50 points in 7 runs ---
generated_start..generated_end xpoints -> original; `-` is unmapped
0..41 x2 -> -
41..68 x27 -> 0
68..73 x1 -> -
73..75 x2 -> 31
75..78 x1 -> -
78..94 x16 -> 36
94..185 x1 -> -
