---
source: crates/astro2tsx/tests/snapshots.rs
input_file: crates/astro2tsx/tests/fixtures/expression_ternary_markup.astro
---
/* @jsxImportSource astro */

<Fragment>
<div>{cond ? <a href='/x'>yes</a> : <b>no</b>}</div>

</Fragment>
export default function __AstroComponent_(_props: Record<string, any>): any {}

--- result ---
has_parse_errors: false
frontmatter: 0..0
body: 41..95
scripts: (none)
styles: (none)

--- mappings: 52 points in 3 runs ---
generated_start..generated_end xpoints -> original; `-` is unmapped
0..41 x2 -> -
41..95 x49 -> 0
95..186 x1 -> -
