---
source: crates/astro2tsx/tests/snapshots.rs
info:
  has_parse_errors: false
  frontmatter:
    start: 0
    end: 0
  body:
    start: 41
    end: 68
  scripts: []
  styles:
    - kind: Style
      lang: css
      generated:
        start: 57
        end: 57
      content: ".a{color:red}"
input_file: crates/astro2tsx/tests/fixtures/expression_style_exclusion.astro
---
/* @jsxImportSource astro */

<Fragment>
{cond && <style></style>}

</Fragment>
export default function __AstroComponent_(_props: Record<string, any>): any {}

//# sourceMappingURL=data:application/json;charset=utf-8;base64,eyJ2ZXJzaW9uIjozLCJuYW1lcyI6W10sInNvdXJjZXMiOlsiaW5wdXQuYXN0cm8iXSwic291cmNlc0NvbnRlbnQiOlsie2NvbmQgJiYgPHN0eWxlPi5he2NvbG9yOnJlZH08L3N0eWxlPn1cbiJdLCJtYXBwaW5ncyI6IkE7O0E7QUFBQSxDQUFDLENBQUMsQ0FBQyxDQUFDLENBQUMsQ0FBQyxDQUFDLENBQUMsQ0FBQyxDQUFDLENBQUMsQ0FBQyxDQUFDLENBQUMsQ0FBQyxDQUFjLENBQUMsQ0FBQyxDQUFDLENBQUMsQ0FBQyxDQUFDLENBQUMsQ0FBQyxDQUFDO0FBQ3RDO0EifQ==
