---
source: crates/astro2tsx/tests/snapshots.rs
input_file: crates/astro2tsx/tests/fixtures/expression_comment_only.astro
---
/* @jsxImportSource astro */

<Fragment>
<div>{/* keep me */}</div>

</Fragment>
export default function __AstroComponent_(_props: Record<string, any>): any {}

--- result ---
has_parse_errors: false
frontmatter: 0..0
body: 41..69
scripts: (none)
styles: (none)

--- mappings: 26 points in 3 runs ---
generated_start..generated_end xpoints -> original; `-` is unmapped
0..41 x2 -> -
41..69 x23 -> 0
69..160 x1 -> -
