---
source: crates/astro2tsx/tests/snapshots.rs
input_file: crates/astro2tsx/tests/fixtures/expression_html_comment.astro
---
/* @jsxImportSource astro */

<Fragment>
{list.map(() => <Component>{/** Hi*/}</Component>)}

</Fragment>
export default function __AstroComponent_(_props: Record<string, any>): any {}
