---
source: crates/astro2tsx/tests/snapshots.rs
info:
  has_parse_errors: false
  frontmatter:
    start: 0
    end: 0
  body:
    start: 41
    end: 94
  scripts: []
  styles: []
input_file: crates/astro2tsx/tests/fixtures/expression_html_comment.astro
---
/* @jsxImportSource astro */

<Fragment>
{list.map(() => <Component>{/** Hi*/}</Component>)}

</Fragment>
export default function __AstroComponent_(_props: Record<string, any>): any {}
//# sourceMappingURL=data:application/json;charset=utf-8;base64,eyJ2ZXJzaW9uIjozLCJzb3VyY2VzIjpbImlucHV0LmFzdHJvIl0sInNvdXJjZXNDb250ZW50IjpbIntsaXN0Lm1hcCgoKSA9PiA8Q29tcG9uZW50PjwhLS1IaS0tPjwvQ29tcG9uZW50Pil9XG4iXSwibmFtZXMiOltdLCJtYXBwaW5ncyI6IkE7O0E7QUFBQSxDQUFDLENBQUMsQ0FBQyxDQUFDLENBQUMsQ0FBQyxDQUFDLENBQUMsQ0FBQyxDQUFDLENBQUMsQ0FBQyxDQUFDLENBQUMsQ0FBQyxDQUFDLENBQUMsQ0FBQyxDQUFDLENBQUMsQ0FBQyxDQUFDLENBQUMsQ0FBQyxDQUFDLENBQUMsQyxLQUFLLENBQUMsQyxHQUFJLENBQUMsQ0FBQyxDQUFDLENBQUMsQ0FBQyxDQUFDLENBQUMsQ0FBQyxDQUFDLENBQUMsQ0FBQyxDQUFDLENBQUMsQ0FBQztBQUNsRDtBIn0=
