---
source: crates/astro2tsx/tests/snapshots.rs
input_file: crates/astro2tsx/tests/fixtures/expression_empty.astro
---
--- code, with an inline source map this harness appends ---
/* @jsxImportSource astro */

<Fragment>
<div></div>

</Fragment>
export default function __AstroComponent_(_props: Record<string, any>): any {}
//# sourceMappingURL=data:application/json;charset=utf-8;base64,eyJ2ZXJzaW9uIjozLCJzb3VyY2VzIjpbImlucHV0LmFzdHJvIl0sInNvdXJjZXNDb250ZW50IjpbIjxkaXY+e308L2Rpdj5cbiJdLCJuYW1lcyI6W10sIm1hcHBpbmdzIjoiQTs7QTtBQUFBLENBQUMsR0FBRyxDQUFHLEVBQUUsR0FBRyxDQUFDO0FBQ2I7QSJ9

--- result ---
has_parse_errors: false
frontmatter: 0..0
body: 41..54
scripts: (none)
styles: (none)

--- mappings: 11 points in 4 runs ---
generated_start..generated_end xpoints -> original; `-` is unmapped
0..41 x2 -> -
41..46 x3 -> 0
46..54 x5 -> 7
54..145 x1 -> -
