---
source: crates/astro2tsx/tests/snapshots.rs
info:
  has_parse_errors: false
  frontmatter:
    start: 30
    end: 76
  body:
    start: 90
    end: 100
  scripts: []
  styles: []
input_file: crates/astro2tsx/tests/fixtures/frontmatter_top_level_return.astro
---
/* @jsxImportSource astro */


if (cond) {
	throw  Astro.redirect('/x');
}

{};<Fragment>
<p>x</p>

</Fragment>
export default function __AstroComponent_(_props: Record<string, any>): any {}
//# sourceMappingURL=data:application/json;charset=utf-8;base64,eyJ2ZXJzaW9uIjozLCJzb3VyY2VzIjpbImlucHV0LmFzdHJvIl0sInNvdXJjZXNDb250ZW50IjpbIi0tLVxuaWYgKGNvbmQpIHtcblx0cmV0dXJuIEFzdHJvLnJlZGlyZWN0KCcveCcpO1xufVxuLS0tXG48cD54PC9wPlxuIl0sIm5hbWVzIjpbXSwibWFwcGluZ3MiOiJBOztBQUFBLEFBQUc7QUFDSCxDQUFDLENBQUMsQ0FBQyxDQUFDLENBQUMsQ0FBQyxDQUFDLENBQUMsQ0FBQyxDQUFDLENBQUM7QUFDWCxDQUFDLENBQUMsQ0FBQyxDQUFDLENBQUMsQ0FBQyxDQUFDLENBQUMsQ0FBQyxDQUFDLENBQUMsQ0FBQyxDQUFDLENBQUMsQ0FBQyxDQUFDLENBQUMsQ0FBQyxDQUFDLENBQUMsQ0FBQyxDQUFDLENBQUMsQ0FBQyxDQUFDLENBQUMsQ0FBQyxDQUFDLENBQUM7QUFDN0IsQ0FBQztBO0EsRztBQUVELENBQUMsQ0FBQyxDQUFDLENBQUMsRUFBRSxDQUFDLENBQUM7QUFDUjtBIn0=
