---
source: crates/astro2tsx/tests/snapshots.rs
input_file: crates/astro2tsx/tests/fixtures/frontmatter_top_level_return.astro
---
/* @jsxImportSource astro */


if (cond) {
	throw  Astro.redirect('/x');
}

{};<Fragment>
<p>x</p>

</Fragment>
export default function __AstroComponent_(_props: Record<string, any>): any {}

--- result ---
has_parse_errors: false
frontmatter: 30..76
body: 90..100
scripts: (none)
styles: (none)

--- mappings: 60 points in 6 runs ---
generated_start..generated_end xpoints -> original; `-` is unmapped
0..30 x1 -> -
30..30 x1 -> 0
30..75 x45 -> 3
75..90 x3 -> -
90..100 x9 -> 52
100..191 x1 -> -

--- source map v3 (paste into any source map viewer) ---
{
  "version": 3,
  "sources": [
    "input.astro"
  ],
  "sourcesContent": [
    "---\nif (cond) {\n\treturn Astro.redirect('/x');\n}\n---\n<p>x</p>\n"
  ],
  "names": [],
  "mappings": "A;;AAAA,AAAG;AACH,CAAC,CAAC,CAAC,CAAC,CAAC,CAAC,CAAC,CAAC,CAAC,CAAC,CAAC;AACX,CAAC,CAAC,CAAC,CAAC,CAAC,CAAC,CAAC,CAAC,CAAC,CAAC,CAAC,CAAC,CAAC,CAAC,CAAC,CAAC,CAAC,CAAC,CAAC,CAAC,CAAC,CAAC,CAAC,CAAC,CAAC,CAAC,CAAC,CAAC,CAAC;AAC7B,CAAC;A;A,G;AAED,CAAC,CAAC,CAAC,CAAC,EAAE,CAAC,CAAC;AACR;A"
}
