---
source: crates/astro2tsx/tests/snapshots.rs
input_file: crates/astro2tsx/tests/fixtures/frontmatter_imports.astro
---
/* @jsxImportSource astro */


import Card from './Card.astro';
import type { Foo } from './types';

<Fragment>
<Card />

</Fragment>
export default function __AstroComponent_(_props: Record<string, any>): any {}
