---
source: crates/astro2tsx/tests/snapshots.rs
input_file: crates/astro2tsx/tests/fixtures/frontmatter_and_body.astro
---
/* @jsxImportSource astro */


let value = 'world';

<Fragment>
<h1>Hello {value}</h1>

</Fragment>
export default function __AstroComponent_(_props: Record<string, any>): any {}

--- result ---
has_parse_errors: false
frontmatter: 30..53
body: 64..88
scripts: (none)
styles: (none)

--- mappings: 48 points in 6 runs ---
generated_start..generated_end xpoints -> original; `-` is unmapped
0..30 x1 -> -
30..30 x1 -> 0
30..52 x22 -> 3
52..64 x2 -> -
64..88 x21 -> 30
88..179 x1 -> -

--- source map v3 (paste into any source map viewer) ---
{
  "version": 3,
  "sources": [
    "input.astro"
  ],
  "sourcesContent": [
    "---\nlet value = 'world';\n---\n\n<h1>Hello {value}</h1>\n"
  ],
  "names": [],
  "mappings": "A;;AAAA,AAAG;AACH,CAAC,CAAC,CAAC,CAAC,CAAC,CAAC,CAAC,CAAC,CAAC,CAAC,CAAC,CAAC,CAAC,CAAC,CAAC,CAAC,CAAC,CAAC,CAAC,CAAC;A;A;AAGpB,CAAC,EAAE,CAAC,CAAC,CAAC,CAAC,CAAC,CAAC,CAAC,CAAC,CAAC,CAAC,CAAC,CAAC,CAAC,CAAC,EAAE,EAAE,CAAC;AACtB;A"
}
