---
source: crates/astro2tsx/tests/snapshots.rs
info:
  has_parse_errors: false
  frontmatter:
    start: 30
    end: 119
  body:
    start: 133
    end: 146
  scripts: []
  styles: []
input_file: crates/astro2tsx/tests/fixtures/get_static_paths_with_props.astro
---
/* @jsxImportSource astro */


interface Props { slug: string }
export async function getStaticPaths() { return []; }

{};<Fragment>
<div></div>

</Fragment>
export default function __AstroComponent_(_props: Props): any {}
type ASTRO__ArrayElement<ArrayType extends readonly unknown[]> = ArrayType extends readonly (infer ElementType)[] ? ElementType : never;
type ASTRO__Flattened<T> = T extends Array<infer U> ? ASTRO__Flattened<U> : T;
type ASTRO__InferredGetStaticPath = ASTRO__Flattened<ASTRO__ArrayElement<Awaited<ReturnType<typeof getStaticPaths>>>>;
type ASTRO__MergeUnion<T, K extends PropertyKey = T extends unknown ? keyof T : never> = T extends unknown ? T & { [P in Exclude<K, keyof T>]?: never } extends infer O ? { [P in keyof O]: O[P] } : never : never;
type ASTRO__Get<T, K> = T extends undefined ? undefined : K extends keyof T ? T[K] : never;
/**
 * Astro global available in all contexts in .astro files
 *
 * [Astro documentation](https://docs.astro.build/reference/api-reference/#astro-global)
*/
declare const Astro: Readonly<import('astro').AstroGlobal<Props, typeof __AstroComponent_, ASTRO__Get<ASTRO__InferredGetStaticPath, 'params'>>>
//# sourceMappingURL=data:application/json;charset=utf-8;base64,eyJ2ZXJzaW9uIjozLCJzb3VyY2VzIjpbImlucHV0LmFzdHJvIl0sInNvdXJjZXNDb250ZW50IjpbIi0tLVxuaW50ZXJmYWNlIFByb3BzIHsgc2x1Zzogc3RyaW5nIH1cbmV4cG9ydCBhc3luYyBmdW5jdGlvbiBnZXRTdGF0aWNQYXRocygpIHsgcmV0dXJuIFtdOyB9XG4tLS1cbjxkaXY+PC9kaXY+XG4iXSwibmFtZXMiOltdLCJtYXBwaW5ncyI6IkE7O0FBQUEsQUFBRztBQUNILENBQUMsQ0FBQyxDQUFDLENBQUMsQ0FBQyxDQUFDLENBQUMsQ0FBQyxDQUFDLENBQUMsQ0FBQyxDQUFDLENBQUMsQ0FBQyxDQUFDLENBQUMsQ0FBQyxDQUFDLENBQUMsQ0FBQyxDQUFDLENBQUMsQ0FBQyxDQUFDLENBQUMsQ0FBQyxDQUFDLENBQUMsQ0FBQyxDQUFDLENBQUMsQ0FBQztBQUNoQyxDQUFDLENBQUMsQ0FBQyxDQUFDLENBQUMsQ0FBQyxDQUFDLENBQUMsQ0FBQyxDQUFDLENBQUMsQ0FBQyxDQUFDLENBQUMsQ0FBQyxDQUFDLENBQUMsQ0FBQyxDQUFDLENBQUMsQ0FBQyxDQUFDLENBQUMsQ0FBQyxDQUFDLENBQUMsQ0FBQyxDQUFDLENBQUMsQ0FBQyxDQUFDLENBQUMsQ0FBQyxDQUFDLENBQUMsQ0FBQyxDQUFDLENBQUMsQ0FBQyxDQUFDLENBQUMsQ0FBQyxDQUFDLENBQUMsQ0FBQyxDQUFDLENBQUMsQ0FBQyxDQUFDLENBQUMsQ0FBQyxDQUFDLENBQUM7QTtBLEc7QUFFckQsQ0FBQyxHQUFHLENBQUMsRUFBRSxHQUFHLENBQUM7QUFDWDtBIn0=
