---
source: crates/astro2tsx/tests/snapshots.rs
input_file: crates/astro2tsx/tests/fixtures/get_static_paths_with_props.astro
---
/* @jsxImportSource astro */


interface Props { slug: string }
export async function getStaticPaths() { return []; }

{};<Fragment>
<div></div>

</Fragment>
export default function __AstroComponent_(_props: Props): any {}
type ASTRO__ArrayElement<ArrayType extends readonly unknown[]> = ArrayType extends readonly (infer ElementType)[] ? ElementType : never;
type ASTRO__Flattened<T> = T extends Array<infer U> ? ASTRO__Flattened<U> : T;
type ASTRO__InferredGetStaticPath = ASTRO__Flattened<ASTRO__ArrayElement<Awaited<ReturnType<typeof getStaticPaths>>>>;
type ASTRO__MergeUnion<T, K extends PropertyKey = T extends unknown ? keyof T : never> = T extends unknown ? T & { [P in Exclude<K, keyof T>]?: never } extends infer O ? { [P in keyof O]: O[P] } : never : never;
type ASTRO__Get<T, K> = T extends undefined ? undefined : K extends keyof T ? T[K] : never;
/**
 * Astro global available in all contexts in .astro files
 *
 * [Astro documentation](https://docs.astro.build/reference/api-reference/#astro-global)
*/
declare const Astro: Readonly<import('astro').AstroGlobal<Props, typeof __AstroComponent_, ASTRO__Get<ASTRO__InferredGetStaticPath, 'params'>>>

--- result ---
has_parse_errors: false
frontmatter: 30..119
body: 133..146
scripts: (none)
styles: (none)

--- mappings: 102 points in 6 runs ---
generated_start..generated_end xpoints -> original; `-` is unmapped
0..30 x1 -> -
30..30 x1 -> 0
30..118 x88 -> 3
118..133 x3 -> -
133..146 x8 -> 95
146..1162 x1 -> -
