---
source: crates/astro2tsx/tests/snapshots.rs
info:
  has_parse_errors: false
  frontmatter:
    start: 0
    end: 0
  body:
    start: 41
    end: 55
  scripts: []
  styles: []
input_file: crates/astro2tsx/tests/fixtures/html_comment_top_level.astro
---
/* @jsxImportSource astro */

<Fragment>
<div>x</div>

</Fragment>
export default function __AstroComponent_(_props: Record<string, any>): any {}
//# sourceMappingURL=data:application/json;charset=utf-8;base64,eyJ2ZXJzaW9uIjozLCJzb3VyY2VzIjpbImlucHV0LmFzdHJvIl0sInNvdXJjZXNDb250ZW50IjpbIjwhLS0gbGVhZGluZyAtLT5cbjxkaXY+eDwvZGl2PlxuIl0sIm5hbWVzIjpbXSwibWFwcGluZ3MiOiJBOztBO0FBQ0EsQ0FBQyxHQUFHLENBQUMsQ0FBQyxFQUFFLEdBQUcsQ0FBQztBQUNaO0EifQ==
