---
source: crates/astro2tsx/tests/snapshots.rs
info:
  has_parse_errors: false
  frontmatter:
    start: 30
    end: 52
  body:
    start: 63
    end: 81
  scripts: []
  styles: []
input_file: crates/astro2tsx/tests/fixtures/multibyte_astral.astro
---
/* @jsxImportSource astro */


const π = Math.PI;

<Fragment>
<p>🦄 {π}</p>

</Fragment>
export default function __AstroComponent_(_props: Record<string, any>): any {}

//# sourceMappingURL=data:application/json;charset=utf-8;base64,eyJ2ZXJzaW9uIjozLCJzb3VyY2VzIjpbImlucHV0LmFzdHJvIl0sInNvdXJjZXNDb250ZW50IjpbIi0tLVxuY29uc3Qgz4AgPSBNYXRoLlBJO1xuLS0tXG48cD7wn6aEIHvPgH08L3A+XG4iXSwibmFtZXMiOltdLCJtYXBwaW5ncyI6IkE7O0FBQUEsQUFBRztBQUNILENBQUMsQ0FBQyxDQUFDLENBQUMsQ0FBQyxDQUFDLENBQUMsQ0FBQyxDQUFDLENBQUMsQ0FBQyxDQUFDLENBQUMsQ0FBQyxDQUFDLENBQUMsQ0FBQyxDQUFDO0E7QTtBQUVsQixDQUFDLENBQUMsQ0FBQyxFQUFFLENBQUMsQ0FBQyxDQUFDLENBQUMsRUFBRSxDQUFDLENBQUM7QUFDYjtBIn0=
