---
source: crates/astro2tsx/tests/snapshots.rs
info:
  has_parse_errors: false
  frontmatter:
    start: 0
    end: 0
  body:
    start: 41
    end: 68
  scripts: []
  styles: []
input_file: crates/astro2tsx/tests/fixtures/multibyte.astro
---
/* @jsxImportSource astro */

<Fragment>
<h1>ツ</h1><p>foobar</p>

</Fragment>
export default function __AstroComponent_(_props: Record<string, any>): any {}

//# sourceMappingURL=data:application/json;charset=utf-8;base64,eyJ2ZXJzaW9uIjozLCJzb3VyY2VzIjpbImlucHV0LmFzdHJvIl0sInNvdXJjZXNDb250ZW50IjpbIjxoMT7jg4Q8L2gxPjxwPmZvb2JhcjwvcD5cbiJdLCJuYW1lcyI6W10sIm1hcHBpbmdzIjoiQTs7QTtBQUFBLENBQUMsRUFBRSxDQUFDLENBQUMsRUFBRSxFQUFFLENBQUMsQ0FBQyxDQUFDLENBQUMsQ0FBQyxDQUFDLENBQUMsQ0FBQyxDQUFDLENBQUMsRUFBRSxDQUFDLENBQUM7QUFDdkI7QSJ9
