---
source: crates/astro2tsx/tests/snapshots.rs
info:
  has_parse_errors: false
  frontmatter_status: DoesntExist
  frontmatter_source:
    start: 0
    end: 0
  frontmatter:
    start: 0
    end: 0
  body:
    start: 41
    end: 54
  scripts: []
  styles: []
input_file: crates/astro2tsx/tests/fixtures/named_component_export.astro
---
/* @jsxImportSource astro */

<Fragment>
<div></div>

</Fragment>
export default function MyPage__AstroComponent_(_props: Record<string, any>): any {}

//# sourceMappingURL=data:application/json;charset=utf-8;base64,eyJ2ZXJzaW9uIjozLCJuYW1lcyI6W10sInNvdXJjZXMiOlsiL3NyYy9wYWdlcy9NeVBhZ2UuYXN0cm8iXSwic291cmNlc0NvbnRlbnQiOlsiPGRpdj48L2Rpdj5cbiJdLCJtYXBwaW5ncyI6IkE7OztBQUFBO0FBQ0E7QSJ9
