---
source: crates/astro2tsx/tests/snapshots.rs
info:
  has_parse_errors: false
  frontmatter_status: DoesntExist
  frontmatter_source:
    start: 0
    end: 0
  frontmatter:
    start: 30
    end: 30
  body:
    start: 41
    end: 243
  scripts: []
  styles: []
input_file: crates/astro2tsx/tests/fixtures/processing_instruction_before_svg.astro
---
/* @jsxImportSource astro */

<Fragment>
{/** <?xml version="1.0" encoding="UTF-8"?>*/}
{/** Exported from an SVG editor */}
<svg xmlns="http://www.w3.org/2000/svg" viewBox="0 0 10 10" {...Astro.props}>
	<circle cx="5" cy="5" r="4" />
</svg>

</Fragment>
export default function AstroComponent(_props: Record<string, any>): any {}
