---
source: crates/astro2tsx/tests/snapshots.rs
input_file: crates/astro2tsx/tests/fixtures/props_interface.astro
---
/* @jsxImportSource astro */


interface Props {
	title: string;
}
const { title } = Astro.props;

<Fragment>
<h1>{title}</h1>

</Fragment>
export default function __AstroComponent_(_props: Props): any {}
/**
 * Astro global available in all contexts in .astro files
 *
 * [Astro documentation](https://docs.astro.build/reference/api-reference/#astro-global)
*/
declare const Astro: Readonly<import('astro').AstroGlobal<Props, typeof __AstroComponent_>>

--- result ---
has_parse_errors: false
frontmatter: 30..99
body: 110..128
scripts: (none)
styles: (none)

--- mappings: 88 points in 6 runs ---
generated_start..generated_end xpoints -> original; `-` is unmapped
0..30 x1 -> -
30..30 x1 -> 0
30..98 x68 -> 3
98..110 x2 -> -
110..128 x15 -> 75
128..453 x1 -> -

--- source map v3 (paste into any source map viewer) ---
{
  "version": 3,
  "sources": [
    "input.astro"
  ],
  "sourcesContent": [
    "---\ninterface Props {\n\ttitle: string;\n}\nconst { title } = Astro.props;\n---\n<h1>{title}</h1>\n"
  ],
  "names": [],
  "mappings": "A;;AAAA,AAAG;AACH,CAAC,CAAC,CAAC,CAAC,CAAC,CAAC,CAAC,CAAC,CAAC,CAAC,CAAC,CAAC,CAAC,CAAC,CAAC,CAAC,CAAC;AACjB,CAAC,CAAC,CAAC,CAAC,CAAC,CAAC,CAAC,CAAC,CAAC,CAAC,CAAC,CAAC,CAAC,CAAC,CAAC;AACf,CAAC;AACD,CAAC,CAAC,CAAC,CAAC,CAAC,CAAC,CAAC,CAAC,CAAC,CAAC,CAAC,CAAC,CAAC,CAAC,CAAC,CAAC,CAAC,CAAC,CAAC,CAAC,CAAC,CAAC,CAAC,CAAC,CAAC,CAAC,CAAC,CAAC,CAAC,CAAC;A;A;AAE9B,CAAC,EAAE,CAAC,CAAC,CAAC,CAAC,CAAC,CAAC,CAAC,CAAC,EAAE,EAAE,CAAC;AAChB;A"
}
