---
source: crates/astro2tsx/tests/snapshots.rs
input_file: crates/astro2tsx/tests/fixtures/props_type_alias.astro
---
--- code, with an inline source map this harness appends ---
/* @jsxImportSource astro */


type Props = { title: string };

<Fragment>
<div></div>

</Fragment>
export default function __AstroComponent_(_props: Props): any {}
/**
 * Astro global available in all contexts in .astro files
 *
 * [Astro documentation](https://docs.astro.build/reference/api-reference/#astro-global)
*/
declare const Astro: Readonly<import('astro').AstroGlobal<Props, typeof __AstroComponent_>>
//# sourceMappingURL=data:application/json;charset=utf-8;base64,eyJ2ZXJzaW9uIjozLCJzb3VyY2VzIjpbImlucHV0LmFzdHJvIl0sInNvdXJjZXNDb250ZW50IjpbIi0tLVxudHlwZSBQcm9wcyA9IHsgdGl0bGU6IHN0cmluZyB9O1xuLS0tXG48ZGl2PjwvZGl2PlxuIl0sIm5hbWVzIjpbXSwibWFwcGluZ3MiOiJBOztBQUFBLEFBQUc7QUFDSCxDQUFDLENBQUMsQ0FBQyxDQUFDLENBQUMsQ0FBQyxDQUFDLENBQUMsQ0FBQyxDQUFDLENBQUMsQ0FBQyxDQUFDLENBQUMsQ0FBQyxDQUFDLENBQUMsQ0FBQyxDQUFDLENBQUMsQ0FBQyxDQUFDLENBQUMsQ0FBQyxDQUFDLENBQUMsQ0FBQyxDQUFDLENBQUMsQ0FBQyxDQUFDO0E7QTtBQUUvQixDQUFDLEdBQUcsQ0FBQyxFQUFFLEdBQUcsQ0FBQztBQUNYO0EifQ==

--- result ---
has_parse_errors: false
frontmatter: 30..64
body: 75..88
scripts: (none)
styles: (none)

--- mappings: 46 points in 6 runs ---
generated_start..generated_end xpoints -> original; `-` is unmapped
0..30 x1 -> -
30..30 x1 -> 0
30..63 x33 -> 3
63..75 x2 -> -
75..88 x8 -> 40
88..413 x1 -> -
