---
source: crates/astro2tsx/tests/snapshots.rs
assertion_line: 134
info:
  has_parse_errors: false
  frontmatter_status: Closed
  frontmatter_source:
    start: 0
    end: 55
  frontmatter:
    start: 30
    end: 80
  body:
    start: 95
    end: 109
  scripts: []
  styles: []
input_file: crates/astro2tsx/tests/fixtures/props_generic.astro
---
/* @jsxImportSource astro */


interface Props<T extends string> {
	item: T;
}

;{};<Fragment>

<div></div>

</Fragment>
export default function AstroComponent<T extends string>(_props: Props<T>): any {}
/**
 * Astro global available in all contexts in .astro files
 *
 * [Astro documentation](https://docs.astro.build/reference/api-reference/#astro-global)
*/
declare const Astro: Readonly<import('astro').AstroGlobal<Parameters<typeof AstroComponent>[0], typeof AstroComponent>>;
