---
source: crates/astro2tsx/tests/snapshots.rs
info:
  has_parse_errors: false
  frontmatter_status: DoesntExist
  frontmatter_source:
    start: 0
    end: 0
  frontmatter:
    start: 0
    end: 0
  body:
    start: 41
    end: 74
  scripts:
    - kind: Script
      lang: module
      generated:
        start: 63
        end: 63
      source:
        start: 22
        end: 34
      content: const a = 1;
  styles: []
input_file: crates/astro2tsx/tests/fixtures/raw_text_script_module.astro
---
/* @jsxImportSource astro */

<Fragment>
<script type="module"></script>

</Fragment>
export default function __AstroComponent_(_props: Record<string, any>): any {}

//# sourceMappingURL=data:application/json;charset=utf-8;base64,eyJ2ZXJzaW9uIjozLCJuYW1lcyI6W10sInNvdXJjZXMiOlsiaW5wdXQuYXN0cm8iXSwic291cmNlc0NvbnRlbnQiOlsiPHNjcmlwdCB0eXBlPVwibW9kdWxlXCI+Y29uc3QgYSA9IDE7PC9zY3JpcHQ+XG4iXSwibWFwcGluZ3MiOiJBOzs7QUFBQSxPLENBQVEsY0FBMEI7QUFDbEM7QSJ9
