---
source: crates/astro2tsx/tests/snapshots.rs
info:
  has_parse_errors: false
  frontmatter:
    start: 0
    end: 0
  body:
    start: 41
    end: 58
  scripts: []
  styles:
    - kind: Style
      lang: css
      generated:
        start: 48
        end: 48
      content: ".a { color: red; }"
input_file: crates/astro2tsx/tests/fixtures/raw_text_style.astro
---
/* @jsxImportSource astro */

<Fragment>
<style></style>

</Fragment>
export default function __AstroComponent_(_props: Record<string, any>): any {}

//# sourceMappingURL=data:application/json;charset=utf-8;base64,eyJ2ZXJzaW9uIjozLCJuYW1lcyI6W10sInNvdXJjZXMiOlsiaW5wdXQuYXN0cm8iXSwic291cmNlc0NvbnRlbnQiOlsiPHN0eWxlPi5hIHsgY29sb3I6IHJlZDsgfTwvc3R5bGU+XG4iXSwibWFwcGluZ3MiOiJBOzs7QUFBQSxPQUF5QjtBQUN6QjtBIn0=
