---
source: crates/astro2tsx/tests/snapshots.rs
input_file: crates/astro2tsx/tests/fixtures/raw_text_script_json.astro
---
--- code, with an inline source map this harness appends ---
/* @jsxImportSource astro */

<Fragment>
<script type="application/json">{`{"a":1}`}</script>

</Fragment>
export default function __AstroComponent_(_props: Record<string, any>): any {}
//# sourceMappingURL=data:application/json;charset=utf-8;base64,eyJ2ZXJzaW9uIjozLCJzb3VyY2VzIjpbImlucHV0LmFzdHJvIl0sInNvdXJjZXNDb250ZW50IjpbIjxzY3JpcHQgdHlwZT1cImFwcGxpY2F0aW9uL2pzb25cIj57XCJhXCI6MX08L3NjcmlwdD5cbiJdLCJuYW1lcyI6W10sIm1hcHBpbmdzIjoiQTs7QTtBQUFBLENBQUMsTSxDQUFPLElBQUksQ0FBQyxDQUFDLENBQUMsQ0FBQyxDQUFDLENBQUMsQ0FBQyxDQUFDLENBQUMsQ0FBQyxDQUFDLENBQUMsQ0FBQyxDQUFDLENBQUMsQ0FBQyxDQUFDLENBQUMsQ0FBQyxDLEVBQUMsQ0FBQyxDQUFDLENBQUMsQ0FBQyxDQUFDLENBQUMsQyxFQUFDLEVBQUUsTUFBTSxDQUFDO0FBQ2hEO0EifQ==

--- result ---
has_parse_errors: false
frontmatter: 0..0
body: 41..95
scripts:
  Script lang=Some("json") generated 73..84 content="{\"a\":1}"
styles: (none)

--- mappings: 41 points in 9 runs ---
generated_start..generated_end xpoints -> original; `-` is unmapped
0..41 x2 -> -
41..48 x2 -> 0
48..49 x1 -> -
49..73 x21 -> 8
73..75 x1 -> -
75..82 x7 -> 32
82..84 x1 -> -
84..95 x5 -> 39
95..186 x1 -> -
