---
source: crates/astro2tsx/tests/snapshots.rs
info:
  has_parse_errors: false
  frontmatter:
    start: 0
    end: 0
  body:
    start: 41
    end: 82
  scripts: []
  styles: []
input_file: crates/astro2tsx/tests/fixtures/raw_text_is_raw.astro
---
/* @jsxImportSource astro */

<Fragment>
<div is:raw>{`<b>not markup</b>`}</div>

</Fragment>
export default function __AstroComponent_(_props: Record<string, any>): any {}

//# sourceMappingURL=data:application/json;charset=utf-8;base64,eyJ2ZXJzaW9uIjozLCJuYW1lcyI6W10sInNvdXJjZXMiOlsiaW5wdXQuYXN0cm8iXSwic291cmNlc0NvbnRlbnQiOlsiPGRpdiBpczpyYXc+PGI+bm90IG1hcmt1cDwvYj48L2Rpdj5cbiJdLCJtYXBwaW5ncyI6IkE7O0E7QUFBQSxDQUFDLEcsQ0FBSSxDQUFDLENBQUMsQ0FBQyxDQUFDLENBQUMsQ0FBQyxDLEVBQUMsQ0FBQyxDQUFDLENBQUMsQ0FBQyxDQUFDLENBQUMsQ0FBQyxDQUFDLENBQUMsQ0FBQyxDQUFDLENBQUMsQ0FBQyxDQUFDLENBQUMsQ0FBQyxDLEVBQUMsRUFBRSxHQUFHLENBQUM7QUFDbkM7QSJ9
