---
source: crates/astro2tsx/tests/snapshots.rs
info:
  has_parse_errors: false
  frontmatter:
    start: 0
    end: 0
  body:
    start: 41
    end: 79
  scripts: []
  styles: []
input_file: crates/astro2tsx/tests/fixtures/slot_element.astro
---
/* @jsxImportSource astro */

<Fragment>
<div><slot name="a" /><slot /></div>

</Fragment>
export default function __AstroComponent_(_props: Record<string, any>): any {}

//# sourceMappingURL=data:application/json;charset=utf-8;base64,eyJ2ZXJzaW9uIjozLCJuYW1lcyI6W10sInNvdXJjZXMiOlsiaW5wdXQuYXN0cm8iXSwic291cmNlc0NvbnRlbnQiOlsiPGRpdj48c2xvdCBuYW1lPVwiYVwiIC8+PHNsb3QgLz48L2Rpdj5cbiJdLCJtYXBwaW5ncyI6IkE7OztBQUFBLFUsQ0FBVyxTQUFVLEVBQUMsTUFBTyxFQUFDO0FBQzlCO0EifQ==
