---
source: crates/astro2tsx/tests/snapshots.rs
info:
  has_parse_errors: false
  frontmatter:
    start: 0
    end: 0
  body:
    start: 41
    end: 70
  scripts: []
  styles:
    - kind: Style
      lang: scss
      generated:
        start: 60
        end: 60
      content: ".a { color: red; }"
input_file: crates/astro2tsx/tests/fixtures/style_lang_label.astro
---
/* @jsxImportSource astro */

<Fragment>
<style lang="scss"></style>

</Fragment>
export default function __AstroComponent_(_props: Record<string, any>): any {}

//# sourceMappingURL=data:application/json;charset=utf-8;base64,eyJ2ZXJzaW9uIjozLCJuYW1lcyI6W10sInNvdXJjZXMiOlsiaW5wdXQuYXN0cm8iXSwic291cmNlc0NvbnRlbnQiOlsiPHN0eWxlIGxhbmc9XCJzY3NzXCI+LmEgeyBjb2xvcjogcmVkOyB9PC9zdHlsZT5cbiJdLCJtYXBwaW5ncyI6IkE7O0E7QUFBQSxDQUFDLEssQ0FBTSxJQUFJLENBQUMsQ0FBQyxDQUFDLENBQUMsQ0FBQyxDQUFDLENBQUMsQ0FBbUIsRUFBRSxLQUFLLENBQUM7QUFDN0M7QSJ9
