---
source: crates/astro2tsx/tests/snapshots.rs
input_file: crates/astro2tsx/tests/fixtures/unclosed_tag.astro
---
--- code, with an inline source map this harness appends ---
/* @jsxImportSource astro */

<Fragment>
<components.

</Fragment>
export default function __AstroComponent_(_props: Record<string, any>): any {}
//# sourceMappingURL=data:application/json;charset=utf-8;base64,eyJ2ZXJzaW9uIjozLCJzb3VyY2VzIjpbImlucHV0LmFzdHJvIl0sInNvdXJjZXNDb250ZW50IjpbIjxjb21wb25lbnRzLlxuIl0sIm5hbWVzIjpbXSwibWFwcGluZ3MiOiJBOztBO0FBQUEsQ0FBQyxDQUFDLENBQUMsQ0FBQyxDQUFDLENBQUMsQ0FBQyxDQUFDLENBQUMsQ0FBQyxDQUFDLENBQUM7QUFDWjtBIn0=

--- result ---
has_parse_errors: true
frontmatter: 0..0
body: 41..55
scripts: (none)
styles: (none)

--- mappings: 17 points in 3 runs ---
generated_start..generated_end xpoints -> original; `-` is unmapped
0..41 x2 -> -
41..55 x14 -> 0
55..146 x1 -> -
