---
source: crates/astro2tsx/tests/snapshots.rs
info:
  has_parse_errors: true
  frontmatter:
    start: 0
    end: 0
  body:
    start: 41
    end: 55
  scripts: []
  styles: []
input_file: crates/astro2tsx/tests/fixtures/unclosed_tag.astro
---
/* @jsxImportSource astro */

<Fragment>
<components.

</Fragment>
export default function __AstroComponent_(_props: Record<string, any>): any {}
//# sourceMappingURL=data:application/json;charset=utf-8;base64,eyJ2ZXJzaW9uIjozLCJzb3VyY2VzIjpbImlucHV0LmFzdHJvIl0sInNvdXJjZXNDb250ZW50IjpbIjxjb21wb25lbnRzLlxuIl0sIm5hbWVzIjpbXSwibWFwcGluZ3MiOiJBOztBO0FBQUEsQ0FBQyxDQUFDLENBQUMsQ0FBQyxDQUFDLENBQUMsQ0FBQyxDQUFDLENBQUMsQ0FBQyxDQUFDLENBQUM7QUFDWjtBIn0=
