---
source: crates/astro2tsx/tests/snapshots.rs
info:
  has_parse_errors: false
  frontmatter:
    start: 0
    end: 0
  body:
    start: 41
    end: 103
  scripts: []
  styles: []
input_file: crates/astro2tsx/tests/fixtures/void_elements.astro
---
/* @jsxImportSource astro */

<Fragment>
<div><br/><hr /><img src="a.png"/><input type="text"/></div>

</Fragment>
export default function __AstroComponent_(_props: Record<string, any>): any {}

//# sourceMappingURL=data:application/json;charset=utf-8;base64,eyJ2ZXJzaW9uIjozLCJuYW1lcyI6W10sInNvdXJjZXMiOlsiaW5wdXQuYXN0cm8iXSwic291cmNlc0NvbnRlbnQiOlsiPGRpdj48YnI+PGhyIC8+PGltZyBzcmM9XCJhLnBuZ1wiPjxpbnB1dCB0eXBlPVwidGV4dFwiPjwvZGl2PlxuIl0sIm1hcHBpbmdzIjoiQTs7O0FBQUEsVUFBUyxJQUFLLEVBQUMsSSxDQUFLLGFBQVksTSxDQUFPLGFBQVk7QUFDbkQ7QSJ9
