---
source: crates/astro_codegen/tests/snapshots.rs
input_file: crates/astro_codegen/tests/fixtures/_153_scoped_classname.astro
---
import { render as $$render, createComponent as $$createComponent, renderComponent as $$renderComponent, createMetadata as $$createMetadata } from "http://localhost:3000/";
import { Component } from "./Component";
import "<stdin>?astro&type=style&index=0&lang.css";
import * as $$module1 from "./Component";
export const $$metadata = $$createMetadata(import.meta.url, {
	modules: [{
		module: $$module1,
		specifier: "./Component",
		assert: {}
	}],
	hydratedComponents: [],
	clientOnlyComponents: [],
	hydrationDirectives: new Set([]),
	hoisted: []
});
const $$Component = $$createComponent(($$result, $$props, $$slots) => {
	return $$render`${$$renderComponent($$result, "Component", Component, { "className": "scoped astro-i3cxydyl" }, { "default": () => $$render`Child` })}`;
}, undefined, undefined);
export default $$Component;
