---
source: crates/astro_codegen/tests/snapshots.rs
input_file: crates/astro_codegen/tests/fixtures/comments_between_attributes.astro
---
import { render as $$render, createComponent as $$createComponent, maybeRenderHead as $$maybeRenderHead, createMetadata as $$createMetadata } from "http://localhost:3000/";
export const $$metadata = $$createMetadata(import.meta.url, {
	modules: [],
	hydratedComponents: [],
	clientOnlyComponents: [],
	hydrationDirectives: new Set([]),
	hoisted: []
});
const $$Component = $$createComponent(($$result, $$props, $$slots) => {
	return $$render`${$$maybeRenderHead($$result)}<div class="something"></div>
<div id="a" class="b"></div>
<div class="c"></div>
<div class="d" id="e"></div>`;
}, undefined, undefined);
export default $$Component;
