---
source: crates/astro_codegen/tests/snapshots.rs
input_file: crates/astro_codegen/tests/fixtures/compact__jsx_slot_newline_whitespace.astro
---
import { render as $$render, createComponent as $$createComponent, renderComponent as $$renderComponent, maybeRenderHead as $$maybeRenderHead, createMetadata as $$createMetadata } from "http://localhost:3000/";
import Card from "./Card.astro";
import * as $$module1 from "./Card.astro";
export const $$metadata = $$createMetadata(import.meta.url, {
	modules: [{
		module: $$module1,
		specifier: "./Card.astro",
		assert: {}
	}],
	hydratedComponents: [],
	clientOnlyComponents: [],
	hydrationDirectives: new Set([]),
	hoisted: []
});
const $$Component = $$createComponent(($$result, $$props, $$slots) => {
	return $$render`${$$renderComponent($$result, "Card", Card, {}, { "default": () => $$render`${$$maybeRenderHead($$result)}<p>Hello</p><p>World</p><span>a</span> <span>b</span>` })}`;
}, undefined, undefined);
export default $$Component;
