---
source: crates/astro_codegen/tests/snapshots.rs
assertion_line: 81
input_file: crates/astro_codegen/tests/fixtures/map_jsx_variable_assignment.astro
---
import { render as $$render, createComponent as $$createComponent, maybeRenderHead as $$maybeRenderHead, createMetadata as $$createMetadata } from "http://localhost:3000/";
export const $$metadata = $$createMetadata(import.meta.url, {
	modules: [],
	hydratedComponents: [],
	clientOnlyComponents: [],
	hydrationDirectives: new Set([]),
	hoisted: []
});
const $$Component = $$createComponent(($$result, $$props, $$slots) => {
	const features = [{
		title: "Fast",
		description: ["Blazing", "Instant"]
	}, {
		title: "Simple",
		description: null
	}];
	return $$render`${$$maybeRenderHead($$result)}<table>
  ${features.flatMap((feature) => {
		const mainRow = $$render`<tr><td>${feature.title}</td></tr>`;
		const detailRows = feature.description ? feature.description.map((line) => $$render`<tr><td>${line}</td></tr>`) : [];
		return [mainRow, ...detailRows];
	})}
</table>`;
}, undefined, undefined);
export default $$Component;
