---
source: crates/astro_codegen/tests/snapshots.rs
input_file: crates/astro_codegen/tests/fixtures/nested_ternary_with_slots.astro
---
import { render as $$render, createComponent as $$createComponent, renderComponent as $$renderComponent, maybeRenderHead as $$maybeRenderHead, mergeSlots as $$mergeSlots, createMetadata as $$createMetadata } from "http://localhost:3000/";
import Component from "./Component.astro";
import * as $$module1 from "./Component.astro";
export const $$metadata = $$createMetadata(import.meta.url, {
	modules: [{
		module: $$module1,
		specifier: "./Component.astro",
		assert: {}
	}],
	hydratedComponents: [],
	clientOnlyComponents: [],
	hydrationDirectives: new Set([]),
	hoisted: []
});
const $$Component = $$createComponent(($$result, $$props, $$slots) => {
	return $$render`${$$renderComponent($$result, "Component", Component, {}, $$mergeSlots({}, a ? b ? { "a": () => $$render`${$$maybeRenderHead($$result)}<div>A</div>` } : { "b": () => $$render`<div>B</div>` } : c ? { "c": () => $$render`<div>C</div>` } : { "default": () => $$render`<div>Default</div>` }))}`;
}, undefined, undefined);
export default $$Component;
