---
source: crates/astro_codegen/tests/snapshots.rs
assertion_line: 81
input_file: crates/astro_codegen/tests/fixtures/script_inside_template_not_hoisted.astro
---
import { render as $$render, createComponent as $$createComponent, renderScript as $$renderScript, templateEnter as $$templateEnter, templateExit as $$templateExit, createMetadata as $$createMetadata } from "http://localhost:3000/";
export const $$metadata = $$createMetadata(import.meta.url, {
	modules: [],
	hydratedComponents: [],
	clientOnlyComponents: [],
	hydrationDirectives: new Set([]),
	hoisted: [{
		type: "inline",
		value: `console.log("outside template");`
	}]
});
const $$Component = $$createComponent(($$result, $$props, $$slots) => {
	return $$render`<template>${$$templateEnter($$result)}<script>console.log("inside template");<\/script>${$$templateExit($$result)}</template>
${$$renderScript($$result, "/src/pages/index.astro?astro&type=script&index=0&lang.ts")}`;
}, undefined, undefined);
export default $$Component;
