---
source: crates/astro_codegen/tests/snapshots.rs
input_file: crates/astro_codegen/tests/fixtures/transition_animate_on_component.astro
---
import { render as $$render, createComponent as $$createComponent, renderComponent as $$renderComponent, renderTransition as $$renderTransition, createMetadata as $$createMetadata } from "http://localhost:3000/";
import "transitions.css";
export const $$metadata = $$createMetadata(import.meta.url, {
	modules: [],
	hydratedComponents: [],
	clientOnlyComponents: [],
	hydrationDirectives: new Set([]),
	hoisted: []
});
const $$Component = $$createComponent(($$result, $$props, $$slots) => {
	return $$render`${$$renderComponent($$result, "Component", Component, {
		"class": "bar",
		"data-astro-transition-scope": $$renderTransition($$result, "an3thj2o", "morph", "")
	})}`;
}, undefined, "self");
export default $$Component;
