---
source: crates/astro_codegen/tests/snapshots.rs
assertion_line: 81
input_file: crates/astro_codegen/tests/fixtures/variable_declaration_jsx.astro
---
import { Fragment, render as $$render, createComponent as $$createComponent, renderComponent as $$renderComponent, maybeRenderHead as $$maybeRenderHead, createMetadata as $$createMetadata } from "http://localhost:3000/";
export const $$metadata = $$createMetadata(import.meta.url, {
	modules: [],
	hydratedComponents: [],
	clientOnlyComponents: [],
	hydrationDirectives: new Set([]),
	hoisted: []
});
const $$Component = $$createComponent(($$result, $$props, $$slots) => {
	const items = ["a", "b"];
	return $$render`${$$maybeRenderHead($$result)}<div>
  ${items.map((item) => {
		const el = $$render`<span>${item}</span>`;
		let a = $$render`<b>1</b>`, b = $$render`<i>2</i>`;
		const ternary = item === "a" ? $$render`<strong>A</strong>` : $$render`<em>B</em>`;
		const frag = $$render`${$$renderComponent($$result, "Fragment", Fragment, {}, { "default": () => $$render`<p>one</p><p>two</p>` })}`;
		const plain = 1;
		return [
			el,
			a,
			b,
			ternary,
			frag,
			plain
		];
	})}
</div>`;
}, undefined, undefined);
export default $$Component;
